// Jest Snapshot v1, https://goo.gl/fbAQLP

exports[`<NotFound /> should render NotFound view (snapshot) 1`] = `
<DocumentFragment>
  <div
    class="root"
  >
    <span>
      code
    </span>
    <h1>
      text
    </h1>
    <a
      class="btn"
      href="/"
    >
      buttons.home
    </a>
  </div>
</DocumentFragment>
`;
